test content for CI